// Jest Snapshot v1, https://goo.gl/fbAQLP

exports[`Paragraph component Render paragraph element. 1`] = `<Paragraph__P />`;
